// Jest Snapshot v1, https://goo.gl/fbAQLP

exports[`should render EditExpensePage correctly 1`] = `
<Fragment>
  <ExpenseForm
    expense={
      Object {
        "amount": 1,
        "createdAt": 0,
        "description": "candy",
        "id": "first",
        "note": "sweet!",
      }
    }
    onSubmit={[Function]}
  />
  <button
    onClick={[Function]}
  >
    Remove
  </button>
</Fragment>
`;
