// Jest Snapshot v1, https://goo.gl/fbAQLP

exports[`should render an ExpenseListItem with given data 1`] = `
<Fragment>
  <Link
    replace={false}
    to="/edit/1"
  >
    <h3>
      candy
    </h3>
  </Link>
  <p>
    Amount: 
    $0.01
  </p>
  <p>
    Created: 
    January 1st 1970
  </p>
</Fragment>
`;
